Archive member included to satisfy reference by file (symbol)

C:/Users/pc/Documents/STM32CubeIDE_1.19.0/STM32CubeIDE/plugins/com.st.stm32cube.ide.mcu.externaltools.gnu-tools-for-stm32.13.3.rel1.win32_1.0.0.202411081344/tools/bin/../lib/gcc/arm-none-eabi/13.3.1/../../../../arm-none-eabi/lib/thumb/v7e-m+fp/hard\libc_nano.a(libc_a-exit.o)
                              C:/Users/pc/Documents/STM32CubeIDE_1.19.0/STM32CubeIDE/plugins/com.st.stm32cube.ide.mcu.externaltools.gnu-tools-for-stm32.13.3.rel1.win32_1.0.0.202411081344/tools/bin/../lib/gcc/arm-none-eabi/13.3.1/../../../../arm-none-eabi/lib/thumb/v7e-m+fp/hard/crt0.o (exit)
C:/Users/pc/Documents/STM32CubeIDE_1.19.0/STM32CubeIDE/plugins/com.st.stm32cube.ide.mcu.externaltools.gnu-tools-for-stm32.13.3.rel1.win32_1.0.0.202411081344/tools/bin/../lib/gcc/arm-none-eabi/13.3.1/../../../../arm-none-eabi/lib/thumb/v7e-m+fp/hard\libc_nano.a(libc_a-findfp.o)
                              C:/Users/pc/Documents/STM32CubeIDE_1.19.0/STM32CubeIDE/plugins/com.st.stm32cube.ide.mcu.externaltools.gnu-tools-for-stm32.13.3.rel1.win32_1.0.0.202411081344/tools/bin/../lib/gcc/arm-none-eabi/13.3.1/../../../../arm-none-eabi/lib/thumb/v7e-m+fp/hard\libc_nano.a(libc_a-exit.o) (__stdio_exit_handler)
C:/Users/pc/Documents/STM32CubeIDE_1.19.0/STM32CubeIDE/plugins/com.st.stm32cube.ide.mcu.externaltools.gnu-tools-for-stm32.13.3.rel1.win32_1.0.0.202411081344/tools/bin/../lib/gcc/arm-none-eabi/13.3.1/../../../../arm-none-eabi/lib/thumb/v7e-m+fp/hard\libc_nano.a(libc_a-fwalk.o)
                              C:/Users/pc/Documents/STM32CubeIDE_1.19.0/STM32CubeIDE/plugins/com.st.stm32cube.ide.mcu.externaltools.gnu-tools-for-stm32.13.3.rel1.win32_1.0.0.202411081344/tools/bin/../lib/gcc/arm-none-eabi/13.3.1/../../../../arm-none-eabi/lib/thumb/v7e-m+fp/hard\libc_nano.a(libc_a-findfp.o) (_fwalk_sglue)
C:/Users/pc/Documents/STM32CubeIDE_1.19.0/STM32CubeIDE/plugins/com.st.stm32cube.ide.mcu.externaltools.gnu-tools-for-stm32.13.3.rel1.win32_1.0.0.202411081344/tools/bin/../lib/gcc/arm-none-eabi/13.3.1/../../../../arm-none-eabi/lib/thumb/v7e-m+fp/hard\libc_nano.a(libc_a-stdio.o)
                              C:/Users/pc/Documents/STM32CubeIDE_1.19.0/STM32CubeIDE/plugins/com.st.stm32cube.ide.mcu.externaltools.gnu-tools-for-stm32.13.3.rel1.win32_1.0.0.202411081344/tools/bin/../lib/gcc/arm-none-eabi/13.3.1/../../../../arm-none-eabi/lib/thumb/v7e-m+fp/hard\libc_nano.a(libc_a-findfp.o) (__sread)
C:/Users/pc/Documents/STM32CubeIDE_1.19.0/STM32CubeIDE/plugins/com.st.stm32cube.ide.mcu.externaltools.gnu-tools-for-stm32.13.3.rel1.win32_1.0.0.202411081344/tools/bin/../lib/gcc/arm-none-eabi/13.3.1/../../../../arm-none-eabi/lib/thumb/v7e-m+fp/hard\libc_nano.a(libc_a-memset.o)
                              C:/Users/pc/Documents/STM32CubeIDE_1.19.0/STM32CubeIDE/plugins/com.st.stm32cube.ide.mcu.externaltools.gnu-tools-for-stm32.13.3.rel1.win32_1.0.0.202411081344/tools/bin/../lib/gcc/arm-none-eabi/13.3.1/../../../../arm-none-eabi/lib/thumb/v7e-m+fp/hard/crt0.o (memset)
C:/Users/pc/Documents/STM32CubeIDE_1.19.0/STM32CubeIDE/plugins/com.st.stm32cube.ide.mcu.externaltools.gnu-tools-for-stm32.13.3.rel1.win32_1.0.0.202411081344/tools/bin/../lib/gcc/arm-none-eabi/13.3.1/../../../../arm-none-eabi/lib/thumb/v7e-m+fp/hard\libc_nano.a(libc_a-closer.o)
                              C:/Users/pc/Documents/STM32CubeIDE_1.19.0/STM32CubeIDE/plugins/com.st.stm32cube.ide.mcu.externaltools.gnu-tools-for-stm32.13.3.rel1.win32_1.0.0.202411081344/tools/bin/../lib/gcc/arm-none-eabi/13.3.1/../../../../arm-none-eabi/lib/thumb/v7e-m+fp/hard\libc_nano.a(libc_a-stdio.o) (_close_r)
C:/Users/pc/Documents/STM32CubeIDE_1.19.0/STM32CubeIDE/plugins/com.st.stm32cube.ide.mcu.externaltools.gnu-tools-for-stm32.13.3.rel1.win32_1.0.0.202411081344/tools/bin/../lib/gcc/arm-none-eabi/13.3.1/../../../../arm-none-eabi/lib/thumb/v7e-m+fp/hard\libc_nano.a(libc_a-reent.o)
                              C:/Users/pc/Documents/STM32CubeIDE_1.19.0/STM32CubeIDE/plugins/com.st.stm32cube.ide.mcu.externaltools.gnu-tools-for-stm32.13.3.rel1.win32_1.0.0.202411081344/tools/bin/../lib/gcc/arm-none-eabi/13.3.1/../../../../arm-none-eabi/lib/thumb/v7e-m+fp/hard\libc_nano.a(libc_a-closer.o) (errno)
C:/Users/pc/Documents/STM32CubeIDE_1.19.0/STM32CubeIDE/plugins/com.st.stm32cube.ide.mcu.externaltools.gnu-tools-for-stm32.13.3.rel1.win32_1.0.0.202411081344/tools/bin/../lib/gcc/arm-none-eabi/13.3.1/../../../../arm-none-eabi/lib/thumb/v7e-m+fp/hard\libc_nano.a(libc_a-impure.o)
                              C:/Users/pc/Documents/STM32CubeIDE_1.19.0/STM32CubeIDE/plugins/com.st.stm32cube.ide.mcu.externaltools.gnu-tools-for-stm32.13.3.rel1.win32_1.0.0.202411081344/tools/bin/../lib/gcc/arm-none-eabi/13.3.1/../../../../arm-none-eabi/lib/thumb/v7e-m+fp/hard\libc_nano.a(libc_a-reent.o) (_impure_ptr)
[...]
Memory Configuration

Name             Origin             Length             Attributes
RAM              0x20000000         0x00020000         xrw
FLASH            0x08000000         0x00080000         xr
*default*        0x00000000         0xffffffff

Linker script and memory map

LOAD C:/Users/pc/Documents/STM32CubeIDE_1.19.0/STM32CubeIDE/plugins/com.st.stm32cube.ide.mcu.externaltools.gnu-tools-for-stm32.13.3.rel1.win32_1.0.0.202411081344/tools/bin/../lib/gcc/arm-none-eabi/13.3.1/thumb/v7e-m+fp/hard/crti.o
LOAD C:/Users/pc/Documents/STM32CubeIDE_1.19.0/STM32CubeIDE/plugins/com.st.stm32cube.ide.mcu.externaltools.gnu-tools-for-stm32.13.3.rel1.win32_1.0.0.202411081344/tools/bin/../lib/gcc/arm-none-eabi/13.3.1/thumb/v7e-m+fp/hard/crtbegin.o
LOAD C:/Users/pc/Documents/STM32CubeIDE_1.19.0/STM32CubeIDE/plugins/com.st.stm32cube.ide.mcu.externaltools.gnu-tools-for-stm32.13.3.rel1.win32_1.0.0.202411081344/tools/bin/../lib/gcc/arm-none-eabi/13.3.1/../../../../arm-none-eabi/lib/thumb/v7e-m+fp/hard/crt0.o
LOAD ./Core/DRIVERS/MyTimer/MyTimer_Base.o
LOAD ./Core/DRIVERS/MyTimer/MyTimer_IC.o
LOAD ./Core/DRIVERS/MyTimer/MyTimer_PWM.o
LOAD ./Core/DRIVERS/adc/MyAdc.o
LOAD ./Core/DRIVERS/gpio/gpiox.o
LOAD ./Core/DRIVERS/hcsr04/MyHcsr04.o
LOAD ./Core/DRIVERS/pwm/MyPwm.o
LOAD ./Core/DRIVERS/spi/MySpi.o
LOAD ./Core/DRIVERS/usart/myUSART2.o
LOAD ./Core/EXAMPLE_DRIVERS/adc_example.o
LOAD ./Core/EXAMPLE_DRIVERS/hcsr04_example.o
LOAD ./Core/EXAMPLE_DRIVERS/usart_example.o
LOAD ./Core/Src/main.o
LOAD ./Core/Src/stm32f4xx_hal_msp.o
LOAD ./Core/Src/stm32f4xx_it.o
LOAD ./Core/Src/syscalls.o
LOAD ./Core/Src/sysmem.o
LOAD ./Core/Src/system_stm32f4xx.o
LOAD ./Core/Startup/startup_stm32f446retx.o
LOAD ./Drivers/STM32F4xx_HAL_Driver/Src/stm32f4xx_hal.o
LOAD ./Drivers/STM32F4xx_HAL_Driver/Src/stm32f4xx_hal_cortex.o
LOAD ./Drivers/STM32F4xx_HAL_Driver/Src/stm32f4xx_hal_dma.o
LOAD ./Drivers/STM32F4xx_HAL_Driver/Src/stm32f4xx_hal_dma_ex.o
LOAD ./Drivers/STM32F4xx_HAL_Driver/Src/stm32f4xx_hal_exti.o
LOAD ./Drivers/STM32F4xx_HAL_Driver/Src/stm32f4xx_hal_flash.o
LOAD ./Drivers/STM32F4xx_HAL_Driver/Src/stm32f4xx_hal_flash_ex.o
LOAD ./Drivers/STM32F4xx_HAL_Driver/Src/stm32f4xx_hal_flash_ramfunc.o
LOAD ./Drivers/STM32F4xx_HAL_Driver/Src/stm32f4xx_hal_gpio.o
LOAD ./Drivers/STM32F4xx_HAL_Driver/Src/stm32f4xx_hal_pwr.o
LOAD ./Drivers/STM32F4xx_HAL_Driver/Src/stm32f4xx_hal_pwr_ex.o
LOAD ./Drivers/STM32F4xx_HAL_Driver/Src/stm32f4xx_hal_rcc.o
LOAD ./Drivers/STM32F4xx_HAL_Driver/Src/stm32f4xx_hal_rcc_ex.o
START GROUP
LOAD C:/Users/pc/Documents/STM32CubeIDE_1.19.0/STM32CubeIDE/plugins/com.st.stm32cube.ide.mcu.externaltools.gnu-tools-for-stm32.13.3.rel1.win32_1.0.0.202411081344/tools/bin/../lib/gcc/arm-none-eabi/13.3.1/../../../../arm-none-eabi/lib/thumb/v7e-m+fp/hard\libc_nano.a
LOAD C:/Users/pc/Documents/STM32CubeIDE_1.19.0/STM32CubeIDE/plugins/com.st.stm32cube.ide.mcu.externaltools.gnu-tools-for-stm32.13.3.rel1.win32_1.0.0.202411081344/tools/bin/../lib/gcc/arm-none-eabi/13.3.1/../../../../arm-none-eabi/lib/thumb/v7e-m+fp/hard\libm.a
END GROUP
START GROUP
LOAD C:/Users/pc/Documents/STM32CubeIDE_1.19.0/STM32CubeIDE/plugins/com.st.stm32cube.ide.mcu.externaltools.gnu-tools-for-stm32.13.3.rel1.win32_1.0.0.202411081344/tools/bin/../lib/gcc/arm-none-eabi/13.3.1/thumb/v7e-m+fp/hard\libgcc.a
LOAD C:/Users/pc/Documents/STM32CubeIDE_1.19.0/STM32CubeIDE/plugins/com.st.stm32cube.ide.mcu.externaltools.gnu-tools-for-stm32.13.3.rel1.win32_1.0.0.202411081344/tools/bin/../lib/gcc/arm-none-eabi/13.3.1/../../../../arm-none-eabi/lib/thumb/v7e-m+fp/hard\libc_nano.a
END GROUP
START GROUP
LOAD C:/Users/pc/Documents/STM32CubeIDE_1.19.0/STM32CubeIDE/plugins/com.st.stm32cube.ide.mcu.externaltools.gnu-tools-for-stm32.13.3.rel1.win32_1.0.0.202411081344/tools/bin/../lib/gcc/arm-none-eabi/13.3.1/thumb/v7e-m+fp/hard\libgcc.a
LOAD C:/Users/pc/Documents/STM32CubeIDE_1.19.0/STM32CubeIDE/plugins/com.st.stm32cube.ide.mcu.externaltools.gnu-tools-for-stm32.13.3.rel1.win32_1.0.0.202411081344/tools/bin/../lib/gcc/arm-none-eabi/13.3.1/../../../../arm-none-eabi/lib/thumb/v7e-m+fp/hard\libc_nano.a
LOAD C:/Users/pc/Documents/STM32CubeIDE_1.19.0/STM32CubeIDE/plugins/com.st.stm32cube.ide.mcu.externaltools.gnu-tools-for-stm32.13.3.rel1.win32_1.0.0.202411081344/tools/bin/../lib/gcc/arm-none-eabi/13.3.1/../../../../arm-none-eabi/lib/thumb/v7e-m+fp/hard\libnosys.a
END GROUP
START GROUP
LOAD C:/Users/pc/Documents/STM32CubeIDE_1.19.0/STM32CubeIDE/plugins/com.st.stm32cube.ide.mcu.externaltools.gnu-tools-for-stm32.13.3.rel1.win32_1.0.0.202411081344/tools/bin/../lib/gcc/arm-none-eabi/13.3.1/thumb/v7e-m+fp/hard\libgcc.a
LOAD C:/Users/pc/Documents/STM32CubeIDE_1.19.0/STM32CubeIDE/plugins/com.st.stm32cube.ide.mcu.externaltools.gnu-tools-for-stm32.13.3.rel1.win32_1.0.0.202411081344/tools/bin/../lib/gcc/arm-none-eabi/13.3.1/../../../../arm-none-eabi/lib/thumb/v7e-m+fp/hard\libc_nano.a
LOAD C:/Users/pc/Documents/STM32CubeIDE_1.19.0/STM32CubeIDE/plugins/com.st.stm32cube.ide.mcu.externaltools.gnu-tools-for-stm32.13.3.rel1.win32_1.0.0.202411081344/tools/bin/../lib/gcc/arm-none-eabi/13.3.1/../../../../arm-none-eabi/lib/thumb/v7e-m+fp/hard\libnosys.a
END GROUP
LOAD C:/Users/pc/Documents/STM32CubeIDE_1.19.0/STM32CubeIDE/plugins/com.st.stm32cube.ide.mcu.externaltools.gnu-tools-for-stm32.13.3.rel1.win32_1.0.0.202411081344/tools/bin/../lib/gcc/arm-none-eabi/13.3.1/thumb/v7e-m+fp/hard/crtend.o
LOAD C:/Users/pc/Documents/STM32CubeIDE_1.19.0/STM32CubeIDE/plugins/com.st.stm32cube.ide.mcu.externaltools.gnu-tools-for-stm32.13.3.rel1.win32_1.0.0.202411081344/tools/bin/../lib/gcc/arm-none-eabi/13.3.1/thumb/v7e-m+fp/hard/crtn.o
                0x20020000                        _estack = (ORIGIN (RAM) + LENGTH (RAM))
                0x00000200                        _Min_Heap_Size = 0x200
                0x00000400                        _Min_Stack_Size = 0x400

.isr_vector     0x08000000      0x1c4
                0x08000000                        . = ALIGN (0x4)
 *(.isr_vector)
 .isr_vector    0x08000000      0x1c4 ./Core/Startup/startup_stm32f446retx.o
                0x08000000                g_pfnVectors
                0x080001c4                        . = ALIGN (0x4)

.text           0x080001c4     0x2928
                0x080001c4                        . = ALIGN (0x4)
 *(.text)
 .text          0x080001c4       0x40 C:/Users/pc/Documents/STM32CubeIDE_1.19.0/STM32CubeIDE/plugins/com.st.stm32cube.ide.mcu.externaltools.gnu-tools-for-stm32.13.3.rel1.win32_1.0.0.202411081344/tools/bin/../lib/gcc/arm-none-eabi/13.3.1/thumb/v7e-m+fp/hard/crtbegin.o
 .text          0x08000204       0x30 C:/Users/pc/Documents/STM32CubeIDE_1.19.0/STM32CubeIDE/plugins/com.st.stm32cube.ide.mcu.externaltools.gnu-tools-for-stm32.13.3.rel1.win32_1.0.0.202411081344/tools/bin/../lib/gcc/arm-none-eabi/13.3.1/thumb/v7e-m+fp/hard\libgcc.a(_aeabi_uldivmod.o)
                0x08000204                __aeabi_uldivmod
 .text          0x08000234      0x2f8 C:/Users/pc/Documents/STM32CubeIDE_1.19.0/STM32CubeIDE/plugins/com.st.stm32cube.ide.mcu.externaltools.gnu-tools-for-stm32.13.3.rel1.win32_1.0.0.202411081344/tools/bin/../lib/gcc/arm-none-eabi/13.3.1/thumb/v7e-m+fp/hard\libgcc.a(_udivmoddi4.o)
                0x08000234                __udivmoddi4
 .text          0x0800052c        0x4 C:/Users/pc/Documents/STM32CubeIDE_1.19.0/STM32CubeIDE/plugins/com.st.stm32cube.ide.mcu.externaltools.gnu-tools-for-stm32.13.3.rel1.win32_1.0.0.202411081344/tools/bin/../lib/gcc/arm-none-eabi/13.3.1/thumb/v7e-m+fp/hard\libgcc.a(_dvmd_tls.o)
                0x0800052c                __aeabi_idiv0
                0x0800052c                __aeabi_ldiv0
 *(.text*)
 .text.set_timer
                0x08000530       0xf4 ./Core/DRIVERS/MyTimer/MyTimer_Base.o
 .text.tim_init
                0x08000624      0x130 ./Core/DRIVERS/MyTimer/MyTimer_Base.o
 .text.TIMx_base_init
                0x08000754       0x48 ./Core/DRIVERS/MyTimer/MyTimer_Base.o
                0x08000754                TIMx_base_init
 .text.TIMx_base_start
                0x0800079c       0x20 ./Core/DRIVERS/MyTimer/MyTimer_Base.o
                0x0800079c                TIMx_base_start
 .text.pin_set_tim_chn
                0x080007bc      0xafc ./Core/DRIVERS/MyTimer/MyTimer_PWM.o
 .text.set_chn  0x080012b8      0x108 ./Core/DRIVERS/MyTimer/MyTimer_PWM.o
 .text.TIMx_pwm_init
                0x080013c0       0x7a ./Core/DRIVERS/MyTimer/MyTimer_PWM.o
                0x080013c0                TIMx_pwm_init
 *fill*         0x0800143a        0x2 
 .text.port_init
                0x0800143c       0x64 ./Core/DRIVERS/gpio/gpiox.o
 .text.gpio_init
                0x080014a0       0xdc ./Core/DRIVERS/gpio/gpiox.o
                0x080014a0                gpio_init
 .text.TIM1_CC_IRQHandler
                0x0800157c       0xa0 ./Core/DRIVERS/hcsr04/MyHcsr04.o
                0x0800157c                TIM1_CC_IRQHandler
 .text.main     0x0800161c       0x38 ./Core/Src/main.o
                0x0800161c                main
 .text.SystemClock_Config
                0x08001654       0xdc ./Core/Src/main.o
                0x08001654                SystemClock_Config
 .text.MX_GPIO_Init
                0x08001730       0xd8 ./Core/Src/main.o
 .text.Error_Handler
                0x08001808        0xc ./Core/Src/main.o
                0x08001808                Error_Handler
 .text.HAL_MspInit
                0x08001814       0x50 ./Core/Src/stm32f4xx_hal_msp.o
                0x08001814                HAL_MspInit
 .text.NMI_Handler
                0x08001864        0x8 ./Core/Src/stm32f4xx_it.o
                0x08001864                NMI_Handler
 .text.HardFault_Handler
                0x0800186c        0x8 ./Core/Src/stm32f4xx_it.o
                0x0800186c                HardFault_Handler
 .text.MemManage_Handler
                0x08001874        0x8 ./Core/Src/stm32f4xx_it.o
                0x08001874                MemManage_Handler
 .text.BusFault_Handler
                0x0800187c        0x8 ./Core/Src/stm32f4xx_it.o
                0x0800187c                BusFault_Handler
 .text.UsageFault_Handler
                0x08001884        0x8 ./Core/Src/stm32f4xx_it.o
                0x08001884                UsageFault_Handler
 .text.SVC_Handler
                0x0800188c        0xe ./Core/Src/stm32f4xx_it.o
                0x0800188c                SVC_Handler
 .text.DebugMon_Handler
                0x0800189a        0xe ./Core/Src/stm32f4xx_it.o
                0x0800189a                DebugMon_Handler
 .text.PendSV_Handler
                0x080018a8        0xe ./Core/Src/stm32f4xx_it.o
                0x080018a8                PendSV_Handler
 .text.SysTick_Handler
                0x080018b6        0xc ./Core/Src/stm32f4xx_it.o
                0x080018b6                SysTick_Handler
 *fill*         0x080018c2        0x2 
 .text.SystemInit
                0x080018c4       0x24 ./Core/Src/system_stm32f4xx.o
                0x080018c4                SystemInit
 .text.Reset_Handler
                0x080018e8       0x50 ./Core/Startup/startup_stm32f446retx.o
                0x080018e8                Reset_Handler
 .text.Default_Handler
                0x08001938        0x2 ./Core/Startup/startup_stm32f446retx.o
                0x08001938                RTC_Alarm_IRQHandler
                0x08001938                EXTI2_IRQHandler
                0x08001938                TIM8_CC_IRQHandler
                0x08001938                FMPI2C1_EV_IRQHandler
                0x08001938                SPI4_IRQHandler
                0x08001938                DMA2_Stream5_IRQHandler
                0x08001938                DMA1_Stream5_IRQHandler
                0x08001938                PVD_IRQHandler
                0x08001938                SDIO_IRQHandler
                0x08001938                TAMP_STAMP_IRQHandler
                0x08001938                CAN2_RX1_IRQHandler
                0x08001938                EXTI3_IRQHandler
                0x08001938                TIM8_TRG_COM_TIM14_IRQHandler
                0x08001938                TIM1_UP_TIM10_IRQHandler
                0x08001938                TIM8_UP_TIM13_IRQHandler
                0x08001938                I2C3_ER_IRQHandler
                0x08001938                EXTI0_IRQHandler
                0x08001938                I2C2_EV_IRQHandler
                0x08001938                DMA1_Stream2_IRQHandler
                0x08001938                CAN1_RX0_IRQHandler
                0x08001938                FPU_IRQHandler
                0x08001938                OTG_HS_WKUP_IRQHandler
                0x08001938                CAN2_SCE_IRQHandler
                0x08001938                DMA2_Stream2_IRQHandler
                0x08001938                SPI1_IRQHandler
                0x08001938                TIM6_DAC_IRQHandler
                0x08001938                TIM1_BRK_TIM9_IRQHandler
                0x08001938                DCMI_IRQHandler
                0x08001938                CAN2_RX0_IRQHandler
                0x08001938                DMA2_Stream3_IRQHandler
                0x08001938                SAI2_IRQHandler
                0x08001938                USART6_IRQHandler
                0x08001938                USART3_IRQHandler
                0x08001938                CAN1_RX1_IRQHandler
                0x08001938                UART5_IRQHandler
                0x08001938                DMA2_Stream0_IRQHandler
                0x08001938                TIM4_IRQHandler
                0x08001938                QUADSPI_IRQHandler
                0x08001938                I2C1_EV_IRQHandler
                0x08001938                DMA1_Stream6_IRQHandler
                0x08001938                DMA1_Stream1_IRQHandler
                0x08001938                UART4_IRQHandler
                0x08001938                TIM3_IRQHandler
                0x08001938                RCC_IRQHandler
                0x08001938                TIM8_BRK_TIM12_IRQHandler
                0x08001938                Default_Handler
                0x08001938                CEC_IRQHandler
                0x08001938                EXTI15_10_IRQHandler
                0x08001938                ADC_IRQHandler
                0x08001938                DMA1_Stream7_IRQHandler
                0x08001938                TIM7_IRQHandler
                0x08001938                CAN2_TX_IRQHandler
                0x08001938                TIM5_IRQHandler
                0x08001938                DMA2_Stream7_IRQHandler
                0x08001938                I2C3_EV_IRQHandler
                0x08001938                EXTI9_5_IRQHandler
                0x08001938                RTC_WKUP_IRQHandler
                0x08001938                SPDIF_RX_IRQHandler
                0x08001938                SPI2_IRQHandler
                0x08001938                OTG_HS_EP1_IN_IRQHandler
                0x08001938                DMA1_Stream0_IRQHandler
                0x08001938                CAN1_TX_IRQHandler
                0x08001938                FMPI2C1_ER_IRQHandler
                0x08001938                EXTI4_IRQHandler
                0x08001938                OTG_HS_EP1_OUT_IRQHandler
                0x08001938                WWDG_IRQHandler
                0x08001938                TIM2_IRQHandler
                0x08001938                OTG_FS_WKUP_IRQHandler
                0x08001938                TIM1_TRG_COM_TIM11_IRQHandler
                0x08001938                OTG_HS_IRQHandler
                0x08001938                EXTI1_IRQHandler
                0x08001938                USART2_IRQHandler
                0x08001938                I2C2_ER_IRQHandler
                0x08001938                DMA2_Stream1_IRQHandler
                0x08001938                CAN1_SCE_IRQHandler
                0x08001938                FLASH_IRQHandler
                0x08001938                DMA2_Stream4_IRQHandler
                0x08001938                USART1_IRQHandler
                0x08001938                OTG_FS_IRQHandler
                0x08001938                SPI3_IRQHandler
                0x08001938                DMA1_Stream4_IRQHandler
                0x08001938                I2C1_ER_IRQHandler
                0x08001938                FMC_IRQHandler
                0x08001938                DMA2_Stream6_IRQHandler
                0x08001938                SAI1_IRQHandler
                0x08001938                DMA1_Stream3_IRQHandler
 *fill*         0x0800193a        0x2 
 .text.HAL_Init
                0x0800193c       0x44 ./Drivers/STM32F4xx_HAL_Driver/Src/stm32f4xx_hal.o
                0x0800193c                HAL_Init
 .text.HAL_InitTick
                0x08001980       0x60 ./Drivers/STM32F4xx_HAL_Driver/Src/stm32f4xx_hal.o
                0x08001980                HAL_InitTick
 .text.HAL_IncTick
                0x080019e0       0x28 ./Drivers/STM32F4xx_HAL_Driver/Src/stm32f4xx_hal.o
                0x080019e0                HAL_IncTick
 .text.HAL_GetTick
                0x08001a08       0x18 ./Drivers/STM32F4xx_HAL_Driver/Src/stm32f4xx_hal.o
                0x08001a08                HAL_GetTick
 .text.__NVIC_SetPriorityGrouping
                0x08001a20       0x48 ./Drivers/STM32F4xx_HAL_Driver/Src/stm32f4xx_hal_cortex.o
 .text.__NVIC_GetPriorityGrouping
                0x08001a68       0x1c ./Drivers/STM32F4xx_HAL_Driver/Src/stm32f4xx_hal_cortex.o
 .text.__NVIC_SetPriority
                0x08001a84       0x54 ./Drivers/STM32F4xx_HAL_Driver/Src/stm32f4xx_hal_cortex.o
 .text.NVIC_EncodePriority
                0x08001ad8       0x66 ./Drivers/STM32F4xx_HAL_Driver/Src/stm32f4xx_hal_cortex.o
 *fill*         0x08001b3e        0x2 
 .text.SysTick_Config
                0x08001b40       0x44 ./Drivers/STM32F4xx_HAL_Driver/Src/stm32f4xx_hal_cortex.o
 .text.HAL_NVIC_SetPriorityGrouping
                0x08001b84       0x16 ./Drivers/STM32F4xx_HAL_Driver/Src/stm32f4xx_hal_cortex.o
                0x08001b84                HAL_NVIC_SetPriorityGrouping
 .text.HAL_NVIC_SetPriority
                0x08001b9a       0x38 ./Drivers/STM32F4xx_HAL_Driver/Src/stm32f4xx_hal_cortex.o
                0x08001b9a                HAL_NVIC_SetPriority
 .text.HAL_SYSTICK_Config
                0x08001bd2       0x18 ./Drivers/STM32F4xx_HAL_Driver/Src/stm32f4xx_hal_cortex.o
                0x08001bd2                HAL_SYSTICK_Config
 *fill*         0x08001bea        0x2 
 .text.HAL_GPIO_Init
                0x08001bec      0x328 ./Drivers/STM32F4xx_HAL_Driver/Src/stm32f4xx_hal_gpio.o
                0x08001bec                HAL_GPIO_Init
 .text.HAL_RCC_ClockConfig
                0x08001f14      0x1cc ./Drivers/STM32F4xx_HAL_Driver/Src/stm32f4xx_hal_rcc.o
                0x08001f14                HAL_RCC_ClockConfig
 .text.HAL_RCC_GetSysClockFreq
                0x080020e0      0x460 ./Drivers/STM32F4xx_HAL_Driver/Src/stm32f4xx_hal_rcc_ex.o
                0x080020e0                HAL_RCC_GetSysClockFreq
 .text.HAL_RCC_OscConfig
                0x08002540      0x53c ./Drivers/STM32F4xx_HAL_Driver/Src/stm32f4xx_hal_rcc_ex.o
                0x08002540                HAL_RCC_OscConfig
 .text.memset   0x08002a7c       0x10 C:/Users/pc/Documents/STM32CubeIDE_1.19.0/STM32CubeIDE/plugins/com.st.stm32cube.ide.mcu.externaltools.gnu-tools-for-stm32.13.3.rel1.win32_1.0.0.202411081344/tools/bin/../lib/gcc/arm-none-eabi/13.3.1/../../../../arm-none-eabi/lib/thumb/v7e-m+fp/hard\libc_nano.a(libc_a-memset.o)
                0x08002a7c                memset
 .text.__libc_init_array
                0x08002a8c       0x48 C:/Users/pc/Documents/STM32CubeIDE_1.19.0/STM32CubeIDE/plugins/com.st.stm32cube.ide.mcu.externaltools.gnu-tools-for-stm32.13.3.rel1.win32_1.0.0.202411081344/tools/bin/../lib/gcc/arm-none-eabi/13.3.1/../../../../arm-none-eabi/lib/thumb/v7e-m+fp/hard\libc_nano.a(libc_a-init.o)
                0x08002a8c                __libc_init_array
 *(.glue_7)
 .glue_7        0x08002ad4        0x0 linker stubs
 *(.glue_7t)
 .glue_7t       0x08002ad4        0x0 linker stubs
 *(.eh_frame)
 .eh_frame      0x08002ad4        0x0 C:/Users/pc/Documents/STM32CubeIDE_1.19.0/STM32CubeIDE/plugins/com.st.stm32cube.ide.mcu.externaltools.gnu-tools-for-stm32.13.3.rel1.win32_1.0.0.202411081344/tools/bin/../lib/gcc/arm-none-eabi/13.3.1/thumb/v7e-m+fp/hard/crtbegin.o
 *(.init)
 .init          0x08002ad4        0x4 C:/Users/pc/Documents/STM32CubeIDE_1.19.0/STM32CubeIDE/plugins/com.st.stm32cube.ide.mcu.externaltools.gnu-tools-for-stm32.13.3.rel1.win32_1.0.0.202411081344/tools/bin/../lib/gcc/arm-none-eabi/13.3.1/thumb/v7e-m+fp/hard/crti.o
                0x08002ad4                _init
 .init          0x08002ad8        0x8 C:/Users/pc/Documents/STM32CubeIDE_1.19.0/STM32CubeIDE/plugins/com.st.stm32cube.ide.mcu.externaltools.gnu-tools-for-stm32.13.3.rel1.win32_1.0.0.202411081344/tools/bin/../lib/gcc/arm-none-eabi/13.3.1/thumb/v7e-m+fp/hard/crtn.o
 *(.fini)
 .fini          0x08002ae0        0x4 C:/Users/pc/Documents/STM32CubeIDE_1.19.0/STM32CubeIDE/plugins/com.st.stm32cube.ide.mcu.externaltools.gnu-tools-for-stm32.13.3.rel1.win32_1.0.0.202411081344/tools/bin/../lib/gcc/arm-none-eabi/13.3.1/thumb/v7e-m+fp/hard/crti.o
                0x08002ae0                _fini
 .fini          0x08002ae4        0x8 C:/Users/pc/Documents/STM32CubeIDE_1.19.0/STM32CubeIDE/plugins/com.st.stm32cube.ide.mcu.externaltools.gnu-tools-for-stm32.13.3.rel1.win32_1.0.0.202411081344/tools/bin/../lib/gcc/arm-none-eabi/13.3.1/thumb/v7e-m+fp/hard/crtn.o
                0x08002aec                        . = ALIGN (0x4)
                0x08002aec                        _etext = .

.vfp11_veneer   0x08002aec        0x0
 .vfp11_veneer  0x08002aec        0x0 linker stubs

.v4_bx          0x08002aec        0x0
 .v4_bx         0x08002aec        0x0 linker stubs

.iplt           0x08002aec        0x0
 .iplt          0x08002aec        0x0 C:/Users/pc/Documents/STM32CubeIDE_1.19.0/STM32CubeIDE/plugins/com.st.stm32cube.ide.mcu.externaltools.gnu-tools-for-stm32.13.3.rel1.win32_1.0.0.202411081344/tools/bin/../lib/gcc/arm-none-eabi/13.3.1/thumb/v7e-m+fp/hard/crtbegin.o

.rodata         0x08002aec       0x10
                0x08002aec                        . = ALIGN (0x4)
 *(.rodata)
 *(.rodata*)
 .rodata.AHBPrescTable
                0x08002aec       0x10 ./Core/Src/system_stm32f4xx.o
                0x08002aec                AHBPrescTable
                0x08002afc                        . = ALIGN (0x4)

.ARM.extab      0x08002afc        0x0
                0x08002afc                        . = ALIGN (0x4)
 *(.ARM.extab* .gnu.linkonce.armextab.*)
                0x08002afc                        . = ALIGN (0x4)

.ARM            0x08002afc        0x8
                0x08002afc                        . = ALIGN (0x4)
                0x08002afc                        __exidx_start = .
 *(.ARM.exidx*)
 .ARM.exidx     0x08002afc        0x8 C:/Users/pc/Documents/STM32CubeIDE_1.19.0/STM32CubeIDE/plugins/com.st.stm32cube.ide.mcu.externaltools.gnu-tools-for-stm32.13.3.rel1.win32_1.0.0.202411081344/tools/bin/../lib/gcc/arm-none-eabi/13.3.1/thumb/v7e-m+fp/hard\libgcc.a(_udivmoddi4.o)
                0x08002b04                        __exidx_end = .
                0x08002b04                        . = ALIGN (0x4)

.preinit_array  0x08002b04        0x0
                0x08002b04                        . = ALIGN (0x4)
                0x08002b04                        PROVIDE (__preinit_array_start = .)
 *(.preinit_array*)
                0x08002b04                        PROVIDE (__preinit_array_end = .)
                0x08002b04                        . = ALIGN (0x4)

.init_array     0x08002b04        0x4
                0x08002b04                        . = ALIGN (0x4)
                0x08002b04                        PROVIDE (__init_array_start = .)
 *(SORT_BY_NAME(.init_array.*))
 *(.init_array*)
 .init_array    0x08002b04        0x4 C:/Users/pc/Documents/STM32CubeIDE_1.19.0/STM32CubeIDE/plugins/com.st.stm32cube.ide.mcu.externaltools.gnu-tools-for-stm32.13.3.rel1.win32_1.0.0.202411081344/tools/bin/../lib/gcc/arm-none-eabi/13.3.1/thumb/v7e-m+fp/hard/crtbegin.o
                0x08002b08                        PROVIDE (__init_array_end = .)
                0x08002b08                        . = ALIGN (0x4)

.fini_array     0x08002b08        0x4
                0x08002b08                        . = ALIGN (0x4)
                [!provide]                        PROVIDE (__fini_array_start = .)
 *(SORT_BY_NAME(.fini_array.*))
 *(.fini_array*)
 .fini_array    0x08002b08        0x4 C:/Users/pc/Documents/STM32CubeIDE_1.19.0/STM32CubeIDE/plugins/com.st.stm32cube.ide.mcu.externaltools.gnu-tools-for-stm32.13.3.rel1.win32_1.0.0.202411081344/tools/bin/../lib/gcc/arm-none-eabi/13.3.1/thumb/v7e-m+fp/hard/crtbegin.o
                [!provide]                        PROVIDE (__fini_array_end = .)
                0x08002b0c                        . = ALIGN (0x4)
                0x08002b0c                        _sidata = LOADADDR (.data)

.rel.dyn        0x08002b0c        0x0
 .rel.iplt      0x08002b0c        0x0 C:/Users/pc/Documents/STM32CubeIDE_1.19.0/STM32CubeIDE/plugins/com.st.stm32cube.ide.mcu.externaltools.gnu-tools-for-stm32.13.3.rel1.win32_1.0.0.202411081344/tools/bin/../lib/gcc/arm-none-eabi/13.3.1/thumb/v7e-m+fp/hard/crtbegin.o

.data           0x20000000        0xc load address 0x08002b0c
                0x20000000                        . = ALIGN (0x4)
                0x20000000                        _sdata = .
 *(.data)
 *(.data*)
 .data.SystemCoreClock
                0x20000000        0x4 ./Core/Src/system_stm32f4xx.o
                0x20000000                SystemCoreClock
 .data.uwTickPrio
                0x20000004        0x4 ./Drivers/STM32F4xx_HAL_Driver/Src/stm32f4xx_hal.o
                0x20000004                uwTickPrio
 .data.uwTickFreq
                0x20000008        0x1 ./Drivers/STM32F4xx_HAL_Driver/Src/stm32f4xx_hal.o
                0x20000008                uwTickFreq
 *(.RamFunc)
 *(.RamFunc*)
                0x2000000c                        . = ALIGN (0x4)
 *fill*         0x20000009        0x3 
                0x2000000c                        _edata = .

.igot.plt       0x2000000c        0x0 load address 0x08002b18
 .igot.plt      0x2000000c        0x0 C:/Users/pc/Documents/STM32CubeIDE_1.19.0/STM32CubeIDE/plugins/com.st.stm32cube.ide.mcu.externaltools.gnu-tools-for-stm32.13.3.rel1.win32_1.0.0.202411081344/tools/bin/../lib/gcc/arm-none-eabi/13.3.1/thumb/v7e-m+fp/hard/crtbegin.o
                0x2000000c                        . = ALIGN (0x4)

.bss            0x2000000c       0x30 load address 0x08002b18
                0x2000000c                        _sbss = .
                0x2000000c                        __bss_start__ = _sbss
 *(.bss)
 .bss           0x2000000c       0x1c C:/Users/pc/Documents/STM32CubeIDE_1.19.0/STM32CubeIDE/plugins/com.st.stm32cube.ide.mcu.externaltools.gnu-tools-for-stm32.13.3.rel1.win32_1.0.0.202411081344/tools/bin/../lib/gcc/arm-none-eabi/13.3.1/thumb/v7e-m+fp/hard/crtbegin.o
 *(.bss*)
 .bss.start_time
                0x20000028        0x4 ./Core/DRIVERS/hcsr04/MyHcsr04.o
                0x20000028                start_time
 .bss.end_time  0x2000002c        0x4 ./Core/DRIVERS/hcsr04/MyHcsr04.o
                0x2000002c                end_time
 .bss.diffrence
                0x20000030        0x4 ./Core/DRIVERS/hcsr04/MyHcsr04.o
                0x20000030                diffrence
 .bss.is_first_cap
                0x20000034        0x1 ./Core/DRIVERS/hcsr04/MyHcsr04.o
                0x20000034                is_first_cap
 *fill*         0x20000035        0x3 
 .bss.uwTick    0x20000038        0x4 ./Drivers/STM32F4xx_HAL_Driver/Src/stm32f4xx_hal.o
                0x20000038                uwTick
 *(COMMON)
                0x2000003c                        . = ALIGN (0x4)
                0x2000003c                        _ebss = .
                0x2000003c                        __bss_end__ = _ebss

._user_heap_stack
                0x2000003c      0x604 load address 0x08002b18
                0x20000040                        . = ALIGN (0x8)
 *fill*         0x2000003c        0x4 
                [!provide]                        PROVIDE (end = .)
                0x20000040                        PROVIDE (_end = .)
                0x20000240                        . = (. + _Min_Heap_Size)
 *fill*         0x20000040      0x200 
                0x20000640                        . = (. + _Min_Stack_Size)
 *fill*         0x20000240      0x400 
                0x20000640                        . = ALIGN (0x8)

/DISCARD/
 libc.a(*)
 libm.a(*)
 libgcc.a(*)

.ARM.attributes
                0x00000000       0x30
 *(.ARM.attributes)
 .ARM.attributes
                0x00000000       0x22 C:/Users/pc/Documents/STM32CubeIDE_1.19.0/STM32CubeIDE/plugins/com.st.stm32cube.ide.mcu.externaltools.gnu-tools-for-stm32.13.3.rel1.win32_1.0.0.202411081344/tools/bin/../lib/gcc/arm-none-eabi/13.3.1/thumb/v7e-m+fp/hard/crti.o
 .ARM.attributes
                0x00000022       0x34 C:/Users/pc/Documents/STM32CubeIDE_1.19.0/STM32CubeIDE/plugins/com.st.stm32cube.ide.mcu.externaltools.gnu-tools-for-stm32.13.3.rel1.win32_1.0.0.202411081344/tools/bin/../lib/gcc/arm-none-eabi/13.3.1/thumb/v7e-m+fp/hard/crtbegin.o
 .ARM.attributes
                0x00000056       0x34 ./Core/DRIVERS/MyTimer/MyTimer_Base.o
 .ARM.attributes
                0x0000008a       0x34 ./Core/DRIVERS/MyTimer/MyTimer_PWM.o
 .ARM.attributes
                0x000000be       0x34 ./Core/DRIVERS/gpio/gpiox.o
 .ARM.attributes
                0x000000f2       0x34 ./Core/DRIVERS/hcsr04/MyHcsr04.o
 .ARM.attributes
                0x00000126       0x34 ./Core/Src/main.o
 .ARM.attributes
                0x0000015a       0x34 ./Core/Src/stm32f4xx_hal_msp.o
 .ARM.attributes
                0x0000018e       0x34 ./Core/Src/stm32f4xx_it.o
 .ARM.attributes
                0x000001c2       0x34 ./Core/Src/system_stm32f4xx.o
 .ARM.attributes
                0x000001f6       0x21 ./Core/Startup/startup_stm32f446retx.o
 .ARM.attributes
                0x00000217       0x34 ./Drivers/STM32F4xx_HAL_Driver/Src/stm32f4xx_hal.o
 .ARM.attributes
                0x0000024b       0x34 ./Drivers/STM32F4xx_HAL_Driver/Src/stm32f4xx_hal_cortex.o
 .ARM.attributes
                0x0000027f       0x34 ./Drivers/STM32F4xx_HAL_Driver/Src/stm32f4xx_hal_gpio.o
 .ARM.attributes
                0x000002b3       0x34 ./Drivers/STM32F4xx_HAL_Driver/Src/stm32f4xx_hal_rcc.o
 .ARM.attributes
                0x000002e7       0x34 ./Drivers/STM32F4xx_HAL_Driver/Src/stm32f4xx_hal_rcc_ex.o
 .ARM.attributes
                0x0000031b       0x34 C:/Users/pc/Documents/STM32CubeIDE_1.19.0/STM32CubeIDE/plugins/com.st.stm32cube.ide.mcu.externaltools.gnu-tools-for-stm32.13.3.rel1.win32_1.0.0.202411081344/tools/bin/../lib/gcc/arm-none-eabi/13.3.1/../../../../arm-none-eabi/lib/thumb/v7e-m+fp/hard\libc_nano.a(libc_a-memset.o)
 .ARM.attributes
                0x0000034f       0x34 C:/Users/pc/Documents/STM32CubeIDE_1.19.0/STM32CubeIDE/plugins/com.st.stm32cube.ide.mcu.externaltools.gnu-tools-for-stm32.13.3.rel1.win32_1.0.0.202411081344/tools/bin/../lib/gcc/arm-none-eabi/13.3.1/../../../../arm-none-eabi/lib/thumb/v7e-m+fp/hard\libc_nano.a(libc_a-init.o)
 .ARM.attributes
                0x00000383       0x22 C:/Users/pc/Documents/STM32CubeIDE_1.19.0/STM32CubeIDE/plugins/com.st.stm32cube.ide.mcu.externaltools.gnu-tools-for-stm32.13.3.rel1.win32_1.0.0.202411081344/tools/bin/../lib/gcc/arm-none-eabi/13.3.1/thumb/v7e-m+fp/hard\libgcc.a(_aeabi_uldivmod.o)
 .ARM.attributes
                0x000003a5       0x34 C:/Users/pc/Documents/STM32CubeIDE_1.19.0/STM32CubeIDE/plugins/com.st.stm32cube.ide.mcu.externaltools.gnu-tools-for-stm32.13.3.rel1.win32_1.0.0.202411081344/tools/bin/../lib/gcc/arm-none-eabi/13.3.1/thumb/v7e-m+fp/hard\libgcc.a(_udivmoddi4.o)
 .ARM.attributes
                0x000003d9       0x22 C:/Users/pc/Documents/STM32CubeIDE_1.19.0/STM32CubeIDE/plugins/com.st.stm32cube.ide.mcu.externaltools.gnu-tools-for-stm32.13.3.rel1.win32_1.0.0.202411081344/tools/bin/../lib/gcc/arm-none-eabi/13.3.1/thumb/v7e-m+fp/hard\libgcc.a(_dvmd_tls.o)
 .ARM.attributes
                0x000003fb       0x22 C:/Users/pc/Documents/STM32CubeIDE_1.19.0/STM32CubeIDE/plugins/com.st.stm32cube.ide.mcu.externaltools.gnu-tools-for-stm32.13.3.rel1.win32_1.0.0.202411081344/tools/bin/../lib/gcc/arm-none-eabi/13.3.1/thumb/v7e-m+fp/hard/crtn.o
OUTPUT(STM32_f446re_drivers.elf elf32-littlearm)
LOAD linker stubs
LOAD C:/Users/pc/Documents/STM32CubeIDE_1.19.0/STM32CubeIDE/plugins/com.st.stm32cube.ide.mcu.externaltools.gnu-tools-for-stm32.13.3.rel1.win32_1.0.0.202411081344/tools/bin/../lib/gcc/arm-none-eabi/13.3.1/../../../../arm-none-eabi/lib/thumb/v7e-m+fp/hard\libc.a
LOAD C:/Users/pc/Documents/STM32CubeIDE_1.19.0/STM32CubeIDE/plugins/com.st.stm32cube.ide.mcu.externaltools.gnu-tools-for-stm32.13.3.rel1.win32_1.0.0.202411081344/tools/bin/../lib/gcc/arm-none-eabi/13.3.1/../../../../arm-none-eabi/lib/thumb/v7e-m+fp/hard\libm.a
LOAD C:/Users/pc/Documents/STM32CubeIDE_1.19.0/STM32CubeIDE/plugins/com.st.stm32cube.ide.mcu.externaltools.gnu-tools-for-stm32.13.3.rel1.win32_1.0.0.202411081344/tools/bin/../lib/gcc/arm-none-eabi/13.3.1/thumb/v7e-m+fp/hard\libgcc.a

.debug_info     0x00000000     0x56d8
 .debug_info    0x00000000      0x505 ./Core/DRIVERS/MyTimer/MyTimer_Base.o
 .debug_info    0x00000505      0x4dd ./Core/DRIVERS/MyTimer/MyTimer_PWM.o
 .debug_info    0x000009e2      0x4b0 ./Core/DRIVERS/gpio/gpiox.o
 .debug_info    0x00000e92      0x6df ./Core/DRIVERS/hcsr04/MyHcsr04.o
 .debug_info    0x00001571      0x7d2 ./Core/Src/main.o
 .debug_info    0x00001d43      0x2ac ./Core/Src/stm32f4xx_hal_msp.o
 .debug_info    0x00001fef      0x112 ./Core/Src/stm32f4xx_it.o
 .debug_info    0x00002101      0x54a ./Core/Src/system_stm32f4xx.o
 .debug_info    0x0000264b       0x30 ./Core/Startup/startup_stm32f446retx.o
 .debug_info    0x0000267b      0x99a ./Drivers/STM32F4xx_HAL_Driver/Src/stm32f4xx_hal.o
 .debug_info    0x00003015      0xd75 ./Drivers/STM32F4xx_HAL_Driver/Src/stm32f4xx_hal_cortex.o
 .debug_info    0x00003d8a      0x70b ./Drivers/STM32F4xx_HAL_Driver/Src/stm32f4xx_hal_gpio.o
 .debug_info    0x00004495      0x8ed ./Drivers/STM32F4xx_HAL_Driver/Src/stm32f4xx_hal_rcc.o
 .debug_info    0x00004d82      0x956 ./Drivers/STM32F4xx_HAL_Driver/Src/stm32f4xx_hal_rcc_ex.o

.debug_abbrev   0x00000000     0x16ae
 .debug_abbrev  0x00000000      0x160 ./Core/DRIVERS/MyTimer/MyTimer_Base.o
 .debug_abbrev  0x00000160      0x185 ./Core/DRIVERS/MyTimer/MyTimer_PWM.o
 .debug_abbrev  0x000002e5      0x15b ./Core/DRIVERS/gpio/gpiox.o
 .debug_abbrev  0x00000440      0x207 ./Core/DRIVERS/hcsr04/MyHcsr04.o
 .debug_abbrev  0x00000647      0x1f2 ./Core/Src/main.o
 .debug_abbrev  0x00000839       0xf4 ./Core/Src/stm32f4xx_hal_msp.o
 .debug_abbrev  0x0000092d       0x73 ./Core/Src/stm32f4xx_it.o
 .debug_abbrev  0x000009a0      0x11a ./Core/Src/system_stm32f4xx.o
 .debug_abbrev  0x00000aba       0x24 ./Core/Startup/startup_stm32f446retx.o
 .debug_abbrev  0x00000ade      0x214 ./Drivers/STM32F4xx_HAL_Driver/Src/stm32f4xx_hal.o
 .debug_abbrev  0x00000cf2      0x328 ./Drivers/STM32F4xx_HAL_Driver/Src/stm32f4xx_hal_cortex.o
 .debug_abbrev  0x0000101a      0x1d4 ./Drivers/STM32F4xx_HAL_Driver/Src/stm32f4xx_hal_gpio.o
 .debug_abbrev  0x000011ee      0x2b6 ./Drivers/STM32F4xx_HAL_Driver/Src/stm32f4xx_hal_rcc.o
 .debug_abbrev  0x000014a4      0x20a ./Drivers/STM32F4xx_HAL_Driver/Src/stm32f4xx_hal_rcc_ex.o

.debug_aranges  0x00000000      0x570
 .debug_aranges
                0x00000000       0x48 ./Core/DRIVERS/MyTimer/MyTimer_Base.o
 .debug_aranges
                0x00000048       0x30 ./Core/DRIVERS/MyTimer/MyTimer_PWM.o
 .debug_aranges
                0x00000078       0x38 ./Core/DRIVERS/gpio/gpiox.o
 .debug_aranges
                0x000000b0       0x50 ./Core/DRIVERS/hcsr04/MyHcsr04.o
 .debug_aranges
                0x00000100       0x38 ./Core/Src/main.o
 .debug_aranges
                0x00000138       0x20 ./Core/Src/stm32f4xx_hal_msp.o
 .debug_aranges
                0x00000158       0x60 ./Core/Src/stm32f4xx_it.o
 .debug_aranges
                0x000001b8       0x28 ./Core/Src/system_stm32f4xx.o
 .debug_aranges
                0x000001e0       0x28 ./Core/Startup/startup_stm32f446retx.o
 .debug_aranges
                0x00000208       0xf0 ./Drivers/STM32F4xx_HAL_Driver/Src/stm32f4xx_hal.o
 .debug_aranges
                0x000002f8      0x120 ./Drivers/STM32F4xx_HAL_Driver/Src/stm32f4xx_hal_cortex.o
 .debug_aranges
                0x00000418       0x58 ./Drivers/STM32F4xx_HAL_Driver/Src/stm32f4xx_hal_gpio.o
 .debug_aranges
                0x00000470       0x88 ./Drivers/STM32F4xx_HAL_Driver/Src/stm32f4xx_hal_rcc.o
 .debug_aranges
                0x000004f8       0x78 ./Drivers/STM32F4xx_HAL_Driver/Src/stm32f4xx_hal_rcc_ex.o

.debug_rnglists
                0x00000000      0x3ea
 .debug_rnglists
                0x00000000       0x33 ./Core/DRIVERS/MyTimer/MyTimer_Base.o
 .debug_rnglists
                0x00000033       0x21 ./Core/DRIVERS/MyTimer/MyTimer_PWM.o
 .debug_rnglists
                0x00000054       0x26 ./Core/DRIVERS/gpio/gpiox.o
 .debug_rnglists
                0x0000007a       0x3a ./Core/DRIVERS/hcsr04/MyHcsr04.o
 .debug_rnglists
                0x000000b4       0x27 ./Core/Src/main.o
 .debug_rnglists
                0x000000db       0x13 ./Core/Src/stm32f4xx_hal_msp.o
 .debug_rnglists
                0x000000ee       0x43 ./Core/Src/stm32f4xx_it.o
 .debug_rnglists
                0x00000131       0x1a ./Core/Src/system_stm32f4xx.o
 .debug_rnglists
                0x0000014b       0x19 ./Core/Startup/startup_stm32f446retx.o
 .debug_rnglists
                0x00000164       0xaf ./Drivers/STM32F4xx_HAL_Driver/Src/stm32f4xx_hal.o
 .debug_rnglists
                0x00000213       0xd4 ./Drivers/STM32F4xx_HAL_Driver/Src/stm32f4xx_hal_cortex.o
 .debug_rnglists
                0x000002e7       0x3f ./Drivers/STM32F4xx_HAL_Driver/Src/stm32f4xx_hal_gpio.o
 .debug_rnglists
                0x00000326       0x66 ./Drivers/STM32F4xx_HAL_Driver/Src/stm32f4xx_hal_rcc.o
 .debug_rnglists
                0x0000038c       0x5e ./Drivers/STM32F4xx_HAL_Driver/Src/stm32f4xx_hal_rcc_ex.o

.debug_macro    0x00000000    0x2007d
 .debug_macro   0x00000000       0xd3 ./Core/DRIVERS/MyTimer/MyTimer_Base.o
 .debug_macro   0x000000d3      0xad8 ./Core/DRIVERS/MyTimer/MyTimer_Base.o
 .debug_macro   0x00000bab       0x28 ./Core/DRIVERS/MyTimer/MyTimer_Base.o
 .debug_macro   0x00000bd3       0x22 ./Core/DRIVERS/MyTimer/MyTimer_Base.o
 .debug_macro   0x00000bf5       0x8e ./Core/DRIVERS/MyTimer/MyTimer_Base.o
 .debug_macro   0x00000c83       0x51 ./Core/DRIVERS/MyTimer/MyTimer_Base.o
 .debug_macro   0x00000cd4      0x103 ./Core/DRIVERS/MyTimer/MyTimer_Base.o
 .debug_macro   0x00000dd7       0x6a ./Core/DRIVERS/MyTimer/MyTimer_Base.o
 .debug_macro   0x00000e41      0x1df ./Core/DRIVERS/MyTimer/MyTimer_Base.o
 .debug_macro   0x00001020       0x1c ./Core/DRIVERS/MyTimer/MyTimer_Base.o
 .debug_macro   0x0000103c       0x22 ./Core/DRIVERS/MyTimer/MyTimer_Base.o
 .debug_macro   0x0000105e       0xfb ./Core/DRIVERS/MyTimer/MyTimer_Base.o
 .debug_macro   0x00001159     0x1011 ./Core/DRIVERS/MyTimer/MyTimer_Base.o
 .debug_macro   0x0000216a      0x11f ./Core/DRIVERS/MyTimer/MyTimer_Base.o
 .debug_macro   0x00002289    0x16749 ./Core/DRIVERS/MyTimer/MyTimer_Base.o
 .debug_macro   0x000189d2       0xdd ./Core/DRIVERS/MyTimer/MyTimer_PWM.o
 .debug_macro   0x00018aaf       0xc9 ./Core/DRIVERS/gpio/gpiox.o
 .debug_macro   0x00018b78       0xd9 ./Core/DRIVERS/hcsr04/MyHcsr04.o
 .debug_macro   0x00018c51      0x1e1 ./Core/Src/main.o
 .debug_macro   0x00018e32      0x28f ./Core/Src/main.o
 .debug_macro   0x000190c1       0x2e ./Core/Src/main.o
 .debug_macro   0x000190ef       0x6d ./Core/Src/main.o
 .debug_macro   0x0001915c     0x368c ./Core/Src/main.o
 .debug_macro   0x0001c7e8      0x190 ./Core/Src/main.o
 .debug_macro   0x0001c978       0x5c ./Core/Src/main.o
 .debug_macro   0x0001c9d4      0xca5 ./Core/Src/main.o
 .debug_macro   0x0001d679      0x9e9 ./Core/Src/main.o
 .debug_macro   0x0001e062      0x115 ./Core/Src/main.o
 .debug_macro   0x0001e177      0x1a0 ./Core/Src/main.o
 .debug_macro   0x0001e317       0xa5 ./Core/Src/main.o
 .debug_macro   0x0001e3bc      0x16d ./Core/Src/main.o
 .debug_macro   0x0001e529      0x287 ./Core/Src/main.o
 .debug_macro   0x0001e7b0       0x5f ./Core/Src/main.o
 .debug_macro   0x0001e80f      0x236 ./Core/Src/main.o
 .debug_macro   0x0001ea45      0x132 ./Core/Src/main.o
 .debug_macro   0x0001eb77      0x29c ./Core/Src/main.o
 .debug_macro   0x0001ee13       0x2e ./Core/Src/main.o
 .debug_macro   0x0001ee41      0x127 ./Core/Src/main.o
 .debug_macro   0x0001ef68       0xe8 ./Core/Src/main.o
 .debug_macro   0x0001f050       0x89 ./Core/Src/main.o
 .debug_macro   0x0001f0d9      0x126 ./Core/Src/main.o
 .debug_macro   0x0001f1ff       0x4c ./Core/Src/main.o
 .debug_macro   0x0001f24b      0x1bf ./Core/Src/stm32f4xx_hal_msp.o
 .debug_macro   0x0001f40a      0x1c9 ./Core/Src/stm32f4xx_it.o
 .debug_macro   0x0001f5d3      0x1b0 ./Core/Src/system_stm32f4xx.o
 .debug_macro   0x0001f783      0x210 ./Drivers/STM32F4xx_HAL_Driver/Src/stm32f4xx_hal.o
 .debug_macro   0x0001f993      0x1b0 ./Drivers/STM32F4xx_HAL_Driver/Src/stm32f4xx_hal_cortex.o
 .debug_macro   0x0001fb43      0x1b6 ./Drivers/STM32F4xx_HAL_Driver/Src/stm32f4xx_hal_gpio.o
 .debug_macro   0x0001fcf9      0x1d4 ./Drivers/STM32F4xx_HAL_Driver/Src/stm32f4xx_hal_rcc.o
 .debug_macro   0x0001fecd      0x1b0 ./Drivers/STM32F4xx_HAL_Driver/Src/stm32f4xx_hal_rcc_ex.o

.debug_line     0x00000000     0x8f3c
 .debug_line    0x00000000      0x7cb ./Core/DRIVERS/MyTimer/MyTimer_Base.o
 .debug_line    0x000007cb      0xe3a ./Core/DRIVERS/MyTimer/MyTimer_PWM.o
 .debug_line    0x00001605      0x6b8 ./Core/DRIVERS/gpio/gpiox.o
 .debug_line    0x00001cbd      0x7f2 ./Core/DRIVERS/hcsr04/MyHcsr04.o
 .debug_line    0x000024af      0x92c ./Core/Src/main.o
 .debug_line    0x00002ddb      0x7c7 ./Core/Src/stm32f4xx_hal_msp.o
 .debug_line    0x000035a2      0x875 ./Core/Src/stm32f4xx_it.o
 .debug_line    0x00003e17      0x84b ./Core/Src/system_stm32f4xx.o
 .debug_line    0x00004662       0x7a ./Core/Startup/startup_stm32f446retx.o
 .debug_line    0x000046dc      0xab8 ./Drivers/STM32F4xx_HAL_Driver/Src/stm32f4xx_hal.o
 .debug_line    0x00005194      0xd5e ./Drivers/STM32F4xx_HAL_Driver/Src/stm32f4xx_hal_cortex.o
 .debug_line    0x00005ef2      0xbfc ./Drivers/STM32F4xx_HAL_Driver/Src/stm32f4xx_hal_gpio.o
 .debug_line    0x00006aee      0xebb ./Drivers/STM32F4xx_HAL_Driver/Src/stm32f4xx_hal_rcc.o
 .debug_line    0x000079a9     0x1593 ./Drivers/STM32F4xx_HAL_Driver/Src/stm32f4xx_hal_rcc_ex.o

.debug_str      0x00000000    0xc2431
 .debug_str     0x00000000    0xc2431 ./Core/DRIVERS/MyTimer/MyTimer_Base.o
                              0x8ac38 (size before relaxing)
 .debug_str     0x000c2431    0x8ac4f ./Core/DRIVERS/MyTimer/MyTimer_PWM.o
 .debug_str     0x000c2431    0x8ac94 ./Core/DRIVERS/gpio/gpiox.o
 .debug_str     0x000c2431    0x8adb6 ./Core/DRIVERS/hcsr04/MyHcsr04.o
 .debug_str     0x000c2431    0xc0b7e ./Core/Src/main.o
 .debug_str     0x000c2431    0xc08ce ./Core/Src/stm32f4xx_hal_msp.o
 .debug_str     0x000c2431    0xc0812 ./Core/Src/stm32f4xx_it.o
 .debug_str     0x000c2431    0xc0862 ./Core/Src/system_stm32f4xx.o
 .debug_str     0x000c2431       0x7a ./Core/Startup/startup_stm32f446retx.o
 .debug_str     0x000c2431    0xc1427 ./Drivers/STM32F4xx_HAL_Driver/Src/stm32f4xx_hal.o
 .debug_str     0x000c2431    0xc114c ./Drivers/STM32F4xx_HAL_Driver/Src/stm32f4xx_hal_cortex.o
 .debug_str     0x000c2431    0xc09dd ./Drivers/STM32F4xx_HAL_Driver/Src/stm32f4xx_hal_gpio.o
 .debug_str     0x000c2431    0xc0c9b ./Drivers/STM32F4xx_HAL_Driver/Src/stm32f4xx_hal_rcc.o
 .debug_str     0x000c2431    0xc0cce ./Drivers/STM32F4xx_HAL_Driver/Src/stm32f4xx_hal_rcc_ex.o

.comment        0x00000000       0x43
 .comment       0x00000000       0x43 ./Core/DRIVERS/MyTimer/MyTimer_Base.o
                                 0x44 (size before relaxing)
 .comment       0x00000043       0x44 ./Core/DRIVERS/MyTimer/MyTimer_PWM.o
 .comment       0x00000043       0x44 ./Core/DRIVERS/gpio/gpiox.o
 .comment       0x00000043       0x44 ./Core/DRIVERS/hcsr04/MyHcsr04.o
 .comment       0x00000043       0x44 ./Core/Src/main.o
 .comment       0x00000043       0x44 ./Core/Src/stm32f4xx_hal_msp.o
 .comment       0x00000043       0x44 ./Core/Src/stm32f4xx_it.o
 .comment       0x00000043       0x44 ./Core/Src/system_stm32f4xx.o
 .comment       0x00000043       0x44 ./Drivers/STM32F4xx_HAL_Driver/Src/stm32f4xx_hal.o
 .comment       0x00000043       0x44 ./Drivers/STM32F4xx_HAL_Driver/Src/stm32f4xx_hal_cortex.o
 .comment       0x00000043       0x44 ./Drivers/STM32F4xx_HAL_Driver/Src/stm32f4xx_hal_gpio.o
 .comment       0x00000043       0x44 ./Drivers/STM32F4xx_HAL_Driver/Src/stm32f4xx_hal_rcc.o
 .comment       0x00000043       0x44 ./Drivers/STM32F4xx_HAL_Driver/Src/stm32f4xx_hal_rcc_ex.o

.debug_frame    0x00000000     0x1358
 .debug_frame   0x00000000       0xf8 ./Core/DRIVERS/MyTimer/MyTimer_Base.o
 .debug_frame   0x000000f8       0x84 ./Core/DRIVERS/MyTimer/MyTimer_PWM.o
 .debug_frame   0x0000017c       0xac ./Core/DRIVERS/gpio/gpiox.o
 .debug_frame   0x00000228      0x110 ./Core/DRIVERS/hcsr04/MyHcsr04.o
 .debug_frame   0x00000338       0x90 ./Core/Src/main.o
 .debug_frame   0x000003c8       0x34 ./Core/Src/stm32f4xx_hal_msp.o
 .debug_frame   0x000003fc      0x104 ./Core/Src/stm32f4xx_it.o
 .debug_frame   0x00000500       0x58 ./Core/Src/system_stm32f4xx.o
 .debug_frame   0x00000558      0x374 ./Drivers/STM32F4xx_HAL_Driver/Src/stm32f4xx_hal.o
 .debug_frame   0x000008cc      0x4b8 ./Drivers/STM32F4xx_HAL_Driver/Src/stm32f4xx_hal_cortex.o
 .debug_frame   0x00000d84      0x14c ./Drivers/STM32F4xx_HAL_Driver/Src/stm32f4xx_hal_gpio.o
 .debug_frame   0x00000ed0      0x1f4 ./Drivers/STM32F4xx_HAL_Driver/Src/stm32f4xx_hal_rcc.o
 .debug_frame   0x000010c4      0x1e8 ./Drivers/STM32F4xx_HAL_Driver/Src/stm32f4xx_hal_rcc_ex.o
 .debug_frame   0x000012ac       0x20 C:/Users/pc/Documents/STM32CubeIDE_1.19.0/STM32CubeIDE/plugins/com.st.stm32cube.ide.mcu.externaltools.gnu-tools-for-stm32.13.3.rel1.win32_1.0.0.202411081344/tools/bin/../lib/gcc/arm-none-eabi/13.3.1/../../../../arm-none-eabi/lib/thumb/v7e-m+fp/hard\libc_nano.a(libc_a-memset.o)
 .debug_frame   0x000012cc       0x2c C:/Users/pc/Documents/STM32CubeIDE_1.19.0/STM32CubeIDE/plugins/com.st.stm32cube.ide.mcu.externaltools.gnu-tools-for-stm32.13.3.rel1.win32_1.0.0.202411081344/tools/bin/../lib/gcc/arm-none-eabi/13.3.1/../../../../arm-none-eabi/lib/thumb/v7e-m+fp/hard\libc_nano.a(libc_a-init.o)
 .debug_frame   0x000012f8       0x2c C:/Users/pc/Documents/STM32CubeIDE_1.19.0/STM32CubeIDE/plugins/com.st.stm32cube.ide.mcu.externaltools.gnu-tools-for-stm32.13.3.rel1.win32_1.0.0.202411081344/tools/bin/../lib/gcc/arm-none-eabi/13.3.1/thumb/v7e-m+fp/hard\libgcc.a(_aeabi_uldivmod.o)
 .debug_frame   0x00001324       0x34 C:/Users/pc/Documents/STM32CubeIDE_1.19.0/STM32CubeIDE/plugins/com.st.stm32cube.ide.mcu.externaltools.gnu-tools-for-stm32.13.3.rel1.win32_1.0.0.202411081344/tools/bin/../lib/gcc/arm-none-eabi/13.3.1/thumb/v7e-m+fp/hard\libgcc.a(_udivmoddi4.o)

.debug_line_str
                0x00000000       0x5e
 .debug_line_str
                0x00000000       0x5e ./Core/Startup/startup_stm32f446retx.o
